# Comment for KEY1
KEY1=hello

# Multiline comment
# for KEY2
KEY2=world

# Multiline comment
# for KEY3 without
# padding to KEY2
KEY3=test output
