--------------------------------------------------------------------------------
- Output of command from line 1 in [tests/simple-pretty.run]:
- [print --no-color --pretty]
--------------------------------------------------------------------------------

(no output to stderr)
