--------------------------------------------------------------------------------
- Output of command from line 1 in [tests/simple-pretty.run]:
- [print --no-color --pretty]
--------------------------------------------------------------------------------

KEY_A="I'm key A"

# Comment for KEY_B
KEY_B="I'm key B"

KEY_C="I'm key C"

