--------------------------------------------------------------------------------
- Output of command from line 1 in [tests/empty.run]:
- [validate]
--------------------------------------------------------------------------------

(no output to stdout)
