--------------------------------------------------------------------------------
- Output of command from line 1 in [tests/echo.run]:
- [exec]
--------------------------------------------------------------------------------

(no output to stderr)
