--------------------------------------------------------------------------------
- Output of command from line 1 in [tests/echo.run]:
- [exec]
--------------------------------------------------------------------------------

Running exec command for assignment [ OUTPUT ]
  Command: [ echo 'it works, yay!' ]
  Output : [ it works, yay! ]
  Validation succeeded

All exec commands completed successfully
File successfully saved
