--------------------------------------------------------------------------------
- Output of command from line 1 in [tests/multi-line.run]:
- [print --no-color --pretty]
--------------------------------------------------------------------------------

(no output to stderr)
