---- exec command line 0: [enable]
(no output to stdout)
