---- exec command line 1: [print --no-color --pretty]
(no output to stderr)
