---- exec command line 1: [print --no-color --pretty]
################################################################################
# My first group
################################################################################

KEY_A="I'm key A"

# Comment for KEY_B
KEY_B="I'm key B"

KEY_C="I'm key C"

################################################################################
# My Second group
################################################################################

GROUP_TWO_A="hello"

# This is nice, format me
GROUP_TWO_A="WORLD"

################################################################################
# My Third group
################################################################################

# A Comment

# Another comment
# with two lines

SECRET=KEY

