--------------------------------------------------------------------------------
- Output of command from line 1 in [tests/empty.run]:
- [print --no-color]
--------------------------------------------------------------------------------



