--------------------------------------------------------------------------------
- Output of command from line 1 in [tests/single-group.run]:
- [groups]
--------------------------------------------------------------------------------

┌──────────────────────────────────────────────────────────────────────────────┐
│                                                                              │
│                       Groups in tests/single-group.env                       │
│                                                                              │
└──────────────────────────────────────────────────────────────────────────────┘
my-group   (tests/single-group.env:2)
