---- exec command line 0: [disable KEY_B]
---- done command line 0: [disable KEY_B]
