--------------------------------------------------------------------------------
- Output of command from line 1 in [tests/invalid-rule.run]:
- [validate --no-fix]
--------------------------------------------------------------------------------

(no output to stdout)
