# Some comment
SOME_KEY=1
# Comment
MAYBE_OK
THIS@ONE
