--------------------------------------------------------------------------------
- Output of command from line 1 in [tests/invalid-syntax.run]:
- [fmt]
--------------------------------------------------------------------------------

Error: unexpected token at line 5: Illegal(@) - parseRowStatement 2
Run 'dottie fmt --help' for usage.
