--------------------------------------------------------------------------------
- Output of command from line 1 in [tests/invalid-syntax.run]:
- [fmt]
--------------------------------------------------------------------------------

(no output to stdout)
