--------------------------------------------------------------------------------
- Output of command from line 1 in [tests/invalid-key.run]:
- [disable NONEXISTING_KEY]
--------------------------------------------------------------------------------

Error: Could not find KEY [ NONEXISTING_KEY ]
Run 'dottie disable --help' for usage.
