---- exec command line 0: [disable NONEXISTING_KEY]
(no output to stdout)
