KEY_A="I'm key A"

# Comment for KEY_B
#KEY_B="I'm key B"

KEY_C="I'm key C"
