---- exec command line 1: [groups]
(no output to stdout)
