# @dottie/exec curl -sS https://jsonplaceholder.typicode.com/todos/1
# @dottie/validate required
SOME_JSON_OUTPUT="{\n  \"userId\": 1,\n  \"id\": 1,\n  \"title\": \"delectus aut autem\",\n  \"completed\": false\n}"
