--------------------------------------------------------------------------------
- Output of command from line 1 in [tests/curl.run]:
- [exec]
--------------------------------------------------------------------------------

(no output to stderr)
