--------------------------------------------------------------------------------
- Output of command from line 1 in [tests/curl.run]:
- [exec]
--------------------------------------------------------------------------------

Running exec command for assignment [ SOME_JSON_OUTPUT ]
  Command: [ curl -sS https://jsonplaceholder.typicode.com/todos/1 ]
  Output : [ {                  
  "userId": 1,                  
  "id": 1,                      
  "title": "delectus aut autem",
  "completed": false            
} ]                             
  Validation succeeded

All exec commands completed successfully
File successfully saved
