---- exec command line 1: [print --no-color --group my-first-group]
(no output to stderr)
