--------------------------------------------------------------------------------
- Output of command from line 1 in [tests/invalid-key.run]:
- [enable NONEXISTING_KEY]
--------------------------------------------------------------------------------

Error: Could not find KEY [ NONEXISTING_KEY ]
Run 'dottie enable --help' for usage.
