---- exec command line 0: [enable NONEXISTING_KEY]
(no output to stdout)
