--------------------------------------------------------------------------------
- Output of command from line 1 in [tests/with-disabled.run]:
- [value disabled]
--------------------------------------------------------------------------------

(no output to stdout)

--------------------------------------------------------------------------------
- Output of command from line 2 in [tests/with-disabled.run]:
- [value disabled --with-disabled]
--------------------------------------------------------------------------------

my-value