---- exec command line 1: [enable KEY_B]
WARNING: The key [ KEY_B ] is already enabled
