---- exec command line 1: [disable]
(no output to stdout)
