---- exec command line 1: [set --skip-if-exists SOME_KEY=SUCCESS]
(no output to stderr)
---- exec command line 2: [set --skip-if-exists SOME_KEY=ERROR; THE VALUE MUST NOT CHANGE]
WARNING: Key [ SOME_KEY ] was skipped: the key already exists in the document (SkipIfExists)
