---- exec command line 0: [enable KEY_B]
Key [ KEY_B ] was successfully enabled
