--------------------------------------------------------------------------------
- Output of command from line 1 in [tests/with-disabled.run]:
- [print --no-color]
--------------------------------------------------------------------------------

active="world"


--------------------------------------------------------------------------------
- Output of command from line 2 in [tests/with-disabled.run]:
- [print --with-disabled]
--------------------------------------------------------------------------------

active="world"
#disabled="true"

