--------------------------------------------------------------------------------
- Output of command from line 1 in [tests/multiple-groups.run]:
- [groups]
--------------------------------------------------------------------------------

(no output to stderr)
