--------------------------------------------------------------------------------
- Output of command from line 1 in [tests/disable-a-key-already-disabled.run]:
- [disable KEY_B]
--------------------------------------------------------------------------------

WARNING: The key [ KEY_B ] is already disabled
